[    0.000000] Initializing cgroup subsys cpuset
[    0.000000] Initializing cgroup subsys cpu
[    0.000000] Initializing cgroup subsys cpuacct
[    0.000000] Linux version 4.4.0-91-generic (buildd@lcy01-11) (gcc version 5.4.0 20160609 (Ubuntu 5.4.0-6ubuntu1~16.04.4) ) #114-Ubuntu SMP Tue Aug 8 11:56:56 UTC 2017 (Ubuntu 4.4.0-91.114-generic 4.4.76)
[    0.000000] Command line: BOOT_IMAGE=/boot/vmlinuz-4.4.0-91-generic root=UUID=2fcba7a1-77bf-4d12-b01b-d1ff410d1a0a ro console=tty1 console=ttyS0
[    0.000000] KERNEL supported cpus:
[    0.000000]   Intel GenuineIntel
[    0.000000]   AMD AuthenticAMD
[    0.000000]   Centaur CentaurHauls
[    0.000000] x86/fpu: xstate_offset[2]:  576, xstate_sizes[2]:  256
[    0.000000] x86/fpu: Supporting XSAVE feature 0x01: 'x87 floating point registers'
[    0.000000] x86/fpu: Supporting XSAVE feature 0x02: 'SSE registers'
[    0.000000] x86/fpu: Supporting XSAVE feature 0x04: 'AVX registers'
[    0.000000] x86/fpu: Enabled xstate features 0x7, context size is 832 bytes, using 'standard' format.
[    0.000000] x86/fpu: Using 'lazy' FPU context switches.
[    0.000000] e820: BIOS-provided physical RAM map:
[    0.000000] BIOS-e820: [mem 0x0000000000000000-0x000000000009fbff] usable
[    0.000000] BIOS-e820: [mem 0x000000000009fc00-0x000000000009ffff] reserved
[    0.000000] BIOS-e820: [mem 0x00000000000f0000-0x00000000000fffff] reserved
[    0.000000] BIOS-e820: [mem 0x0000000000100000-0x000000003ffeffff] usable
[    0.000000] BIOS-e820: [mem 0x000000003fff0000-0x000000003fffffff] ACPI data
[    0.000000] BIOS-e820: [mem 0x00000000fec00000-0x00000000fec00fff] reserved
[    0.000000] BIOS-e820: [mem 0x00000000fee00000-0x00000000fee00fff] reserved
[    0.000000] BIOS-e820: [mem 0x00000000fffc0000-0x00000000ffffffff] reserved
[    0.000000] NX (Execute Disable) protection: active
[    0.000000] SMBIOS 2.5 present.
[    0.000000] Hypervisor detected: KVM
[    0.000000] e820: last_pfn = 0x3fff0 max_arch_pfn = 0x400000000
[    0.000000] MTRR: Disabled
[    0.000000] x86/PAT: MTRRs disabled, skipping PAT initialization too.
[    0.000000] x86/PAT: Configuration [0-7]: WB  WT  UC- UC  WB  WT  UC- UC  
[    0.000000] CPU MTRRs all blank - virtualized system.
[    0.000000] found SMP MP-table at [mem 0x0009fff0-0x0009ffff] mapped at [ffff88000009fff0]
[    0.000000] Scanning 1 areas for low memory corruption
[    0.000000] RAMDISK: [mem 0x36234000-0x37111fff]
[    0.000000] ACPI: Early table checksum verification disabled
[    0.000000] ACPI: RSDP 0x00000000000E0000 000024 (v02 VBOX  )
[    0.000000] ACPI: XSDT 0x000000003FFF0030 00003C (v01 VBOX   VBOXXSDT 00000001 ASL  00000061)
[    0.000000] ACPI: FACP 0x000000003FFF00F0 0000F4 (v04 VBOX   VBOXFACP 00000001 ASL  00000061)
[    0.000000] ACPI: DSDT 0x000000003FFF0470 0021C8 (v02 VBOX   VBOXBIOS 00000002 INTL 20100528)
[    0.000000] ACPI: FACS 0x000000003FFF0200 000040
[    0.000000] ACPI: FACS 0x000000003FFF0200 000040
[    0.000000] ACPI: APIC 0x000000003FFF0240 00005C (v02 VBOX   VBOXAPIC 00000001 ASL  00000061)
[    0.000000] ACPI: SSDT 0x000000003FFF02A0 0001CC (v01 VBOX   VBOXCPUT 00000002 INTL 20100528)
[    0.000000] No NUMA configuration found
[    0.000000] Faking a node at [mem 0x0000000000000000-0x000000003ffeffff]
[    0.000000] NODE_DATA(0) allocated [mem 0x3ffeb000-0x3ffeffff]
[    0.000000] kvm-clock: Using msrs 4b564d01 and 4b564d00
[    0.000000] kvm-clock: cpu 0, msr 0:3ffe3001, primary cpu clock
[    0.000000] kvm-clock: using sched offset of 3332803349 cycles
[    0.000000] clocksource: kvm-clock: mask: 0xffffffffffffffff max_cycles: 0x1cd42e4dffb, max_idle_ns: 881590591483 ns
[    0.000000] Zone ranges:
[    0.000000]   DMA      [mem 0x0000000000001000-0x0000000000ffffff]
[    0.000000]   DMA32    [mem 0x0000000001000000-0x000000003ffeffff]
[    0.000000]   Normal   empty
[    0.000000]   Device   empty
[    0.000000] Movable zone start for each node
[    0.000000] Early memory node ranges
[    0.000000]   node   0: [mem 0x0000000000001000-0x000000000009efff]
[    0.000000]   node   0: [mem 0x0000000000100000-0x000000003ffeffff]
[    0.000000] Initmem setup node 0 [mem 0x0000000000001000-0x000000003ffeffff]
[    0.000000] ACPI: PM-Timer IO Port: 0x4008
[    0.000000] IOAPIC[0]: apic_id 2, version 32, address 0xfec00000, GSI 0-23
[    0.000000] ACPI: INT_SRC_OVR (bus 0 bus_irq 0 global_irq 2 dfl dfl)
[    0.000000] ACPI: INT_SRC_OVR (bus 0 bus_irq 9 global_irq 9 high level)
[    0.000000] Using ACPI (MADT) for SMP configuration information
[    0.000000] smpboot: Allowing 2 CPUs, 0 hotplug CPUs
[    0.000000] PM: Registered nosave memory: [mem 0x00000000-0x00000fff]
[    0.000000] PM: Registered nosave memory: [mem 0x0009f000-0x0009ffff]
[    0.000000] PM: Registered nosave memory: [mem 0x000a0000-0x000effff]
[    0.000000] PM: Registered nosave memory: [mem 0x000f0000-0x000fffff]
[    0.000000] e820: [mem 0x40000000-0xfebfffff] available for PCI devices
[    0.000000] Booting paravirtualized kernel on KVM
[    0.000000] clocksource: refined-jiffies: mask: 0xffffffff max_cycles: 0xffffffff, max_idle_ns: 7645519600211568 ns
[    0.000000] setup_percpu: NR_CPUS:512 nr_cpumask_bits:512 nr_cpu_ids:2 nr_node_ids:1
[    0.000000] PERCPU: Embedded 33 pages/cpu @ffff88003fc00000 s98264 r8192 d28712 u1048576
[    0.000000] PV qspinlock hash table entries: 256 (order: 0, 4096 bytes)
[    0.000000] Built 1 zonelists in Node order, mobility grouping on.  Total pages: 257913
[    0.000000] Policy zone: DMA32
[    0.000000] Kernel command line: BOOT_IMAGE=/boot/vmlinuz-4.4.0-91-generic root=UUID=2fcba7a1-77bf-4d12-b01b-d1ff410d1a0a ro console=tty1 console=ttyS0
[    0.000000] PID hash table entries: 4096 (order: 3, 32768 bytes)
[    0.000000] Memory: 997352K/1048120K available (8474K kernel code, 1294K rwdata, 3984K rodata, 1488K init, 1316K bss, 50768K reserved, 0K cma-reserved)
[    0.000000] SLUB: HWalign=64, Order=0-3, MinObjects=0, CPUs=2, Nodes=1
[    0.000000] Hierarchical RCU implementation.
[    0.000000] 	Build-time adjustment of leaf fanout to 64.
[    0.000000] 	RCU restricting CPUs from NR_CPUS=512 to nr_cpu_ids=2.
[    0.000000] RCU: Adjusting geometry for rcu_fanout_leaf=64, nr_cpu_ids=2
[    0.000000] NR_IRQS:33024 nr_irqs:440 16
[    0.000000] Console: colour VGA+ 80x25
[    0.000000] console [tty1] enabled
[    0.000000] console [ttyS0] enabled
[    0.000000] tsc: Detected 2194.918 MHz processor
[   10.535686] Calibrating delay loop (skipped) preset value.. 4389.83 BogoMIPS (lpj=8779672)
[   10.625563] pid_max: default: 32768 minimum: 301
[   10.690664] ACPI: Core revision 20150930
[   10.752755] ACPI: 2 ACPI AML tables successfully acquired and loaded
[   10.859226] Security Framework initialized
[   10.927059] Yama: becoming mindful.
[   10.993229] AppArmor: AppArmor initialized
[   11.044037] Dentry cache hash table entries: 131072 (order: 8, 1048576 bytes)
[   11.137874] Inode-cache hash table entries: 65536 (order: 7, 524288 bytes)
[   11.227413] Mount-cache hash table entries: 2048 (order: 2, 16384 bytes)
[   11.296234] Mountpoint-cache hash table entries: 2048 (order: 2, 16384 bytes)
[   11.384401] Initializing cgroup subsys io
[   11.452273] Initializing cgroup subsys memory
[   11.521260] Initializing cgroup subsys devices
[   11.572012] Initializing cgroup subsys freezer
[   11.648443] Initializing cgroup subsys net_cls
[   11.707645] Initializing cgroup subsys perf_event
[   11.777018] Initializing cgroup subsys net_prio
[   11.820306] Initializing cgroup subsys hugetlb
[   11.821357] Initializing cgroup subsys pids
[   11.840505] CPU: Physical Processor ID: 0
[   11.892095] CPU: Processor Core ID: 0
[   11.939897] mce: CPU supports 0 MCE banks
[   12.004069] Last level iTLB entries: 4KB 1024, 2MB 1024, 4MB 1024
[   12.071207] Last level dTLB entries: 4KB 1024, 2MB 1024, 4MB 1024, 1GB 4
[   12.137714] Freeing SMP alternatives memory: 32K (ffffffff820b9000 - ffffffff820c1000)
[   12.207228] ftrace: allocating 32131 entries in 126 pages
[   12.289586] smpboot: APIC(0) Converting physical 0 to logical package 0
[   12.335076] smpboot: Max logical packages: 1
[   12.375984] x2apic enabled
[   12.406526] Switched APIC routing to physical x2apic.
[   12.441066] ..TIMER: vector=0x30 apic1=0 pin1=2 apic2=-1 pin2=-1
[   12.611840] smpboot: CPU0: Intel(R) Core(TM) i7-4770HQ CPU @ 2.20GHz (family: 0x6, model: 0x46, stepping: 0x1)
[   12.760704] Performance Events: unsupported p6 CPU model 70 no PMU driver, software events only.
[   12.920841] KVM setup paravirtual spinlock
[   12.981291] x86: Booting SMP configuration:
[   13.049819] .... node  #0, CPUs:      #1
[   13.101420] kvm-clock: cpu 1, msr 0:3ffe3041, secondary cpu clock
[   13.115712] mce: CPU supports 0 MCE banks
[   13.125152] x86: Booted up 1 node, 2 CPUs
[   13.177255] smpboot: Total of 2 processors activated (8779.67 BogoMIPS)
[   13.286276] devtmpfs: initialized
[   13.359508] evm: security.selinux
[   13.428546] evm: security.SMACK64
[   13.461943] evm: security.SMACK64EXEC
[   13.495100] evm: security.SMACK64TRANSMUTE
[   13.522809] evm: security.SMACK64MMAP
[   13.586271] evm: security.ima
[   13.631641] evm: security.capability
[   13.665154] clocksource: jiffies: mask: 0xffffffff max_cycles: 0xffffffff, max_idle_ns: 7645041785100000 ns
[   13.829205] futex hash table entries: 512 (order: 3, 32768 bytes)
[   13.950738] pinctrl core: initialized pinctrl subsystem
[   14.043334] RTC time:  7:55:42, date: 08/11/17
[   14.130774] NET: Registered protocol family 16
[   14.225405] cpuidle: using governor ladder
[   14.349130] cpuidle: using governor menu
[   14.415417] PCCT header not found.
[   14.468118] ACPI: bus type PCI registered
[   14.545335] acpiphp: ACPI Hot Plug PCI Controller Driver version: 0.5
[   14.602520] PCI: Using configuration type 1 for base access
[   14.661944] ACPI: Added _OSI(Module Device)
[   14.733345] ACPI: Added _OSI(Processor Device)
[   14.800760] ACPI: Added _OSI(3.0 _SCP Extensions)
[   14.884075] ACPI: Added _OSI(Processor Aggregator Device)
[   14.993955] ACPI: Executed 1 blocks of module-level executable AML code
[   15.102223] ACPI: Interpreter enabled
[   15.156033] ACPI: (supports S0 S5)
[   15.230756] ACPI: Using IOAPIC for interrupt routing
[   15.329201] PCI: Using host bridge windows from ACPI; if necessary, use "pci=nocrs" and report a bug
[   15.529950] ACPI: PCI Root Bridge [PCI0] (domain 0000 [bus 00-ff])
[   15.630996] acpi PNP0A03:00: _OSC: OS supports [ASPM ClockPM Segments MSI]
[   15.705801] acpi PNP0A03:00: _OSC failed (AE_NOT_FOUND); disabling ASPM
[   15.742286] acpi PNP0A03:00: fail to add MMCONFIG information, can't access extended PCI configuration space under this bridge.
[   15.927900] PCI host bridge to bus 0000:00
[   16.002614] pci_bus 0000:00: root bus resource [io  0x0000-0x0cf7 window]
[   16.130023] pci_bus 0000:00: root bus resource [io  0x0d00-0xffff window]
[   16.257461] pci_bus 0000:00: root bus resource [mem 0x000a0000-0x000bffff window]
[   16.395590] pci_bus 0000:00: root bus resource [mem 0x40000000-0xffdfffff window]
[   16.533013] pci_bus 0000:00: root bus resource [bus 00-ff]
[   16.633154] pci 0000:00:01.1: legacy IDE quirk: reg 0x10: [io  0x01f0-0x01f7]
[   16.754614] pci 0000:00:01.1: legacy IDE quirk: reg 0x14: [io  0x03f6]
[   16.821718] pci 0000:00:01.1: legacy IDE quirk: reg 0x18: [io  0x0170-0x0177]
[   16.876372] pci 0000:00:01.1: legacy IDE quirk: reg 0x1c: [io  0x0376]
[   17.004049] pci 0000:00:07.0: quirk: [io  0x4000-0x403f] claimed by PIIX4 ACPI
[   17.170228] pci 0000:00:07.0: quirk: [io  0x4100-0x410f] claimed by PIIX4 SMB
[   17.268508] ACPI: PCI Interrupt Link [LNKA] (IRQs 5 9 10 *11)
[   17.364144] ACPI: PCI Interrupt Link [LNKB] (IRQs 5 9 10 *11)
[   17.492841] ACPI: PCI Interrupt Link [LNKC] (IRQs 5 9 *10 11)
[   17.590539] ACPI: PCI Interrupt Link [LNKD] (IRQs 5 *9 10 11)
[   17.688568] ACPI: Enabled 2 GPEs in block 00 to 07
[   17.765662] vgaarb: setting as boot device: PCI:0000:00:02.0
[   17.866056] vgaarb: device added: PCI:0000:00:02.0,decodes=io+mem,owns=io+mem,locks=none
[   17.944455] vgaarb: loaded
[   17.965824] vgaarb: bridge control possible 0000:00:02.0
[   18.036123] SCSI subsystem initialized
[   18.114247] ACPI: bus type USB registered
[   18.182413] usbcore: registered new interface driver usbfs
[   18.298296] usbcore: registered new interface driver hub
[   18.406617] usbcore: registered new device driver usb
[   18.497181] PCI: Using ACPI for IRQ routing
[   18.582880] NetLabel: Initializing
[   18.654842] NetLabel:  domain hash size = 128
[   18.736173] NetLabel:  protocols = UNLABELED CIPSOv4
[   18.828420] NetLabel:  unlabeled traffic allowed by default
[   18.915942] amd_nb: Cannot enumerate AMD northbridges
[   19.025112] clocksource: Switched to clocksource kvm-clock
[   19.099893] AppArmor: AppArmor Filesystem Enabled
[   19.211554] pnp: PnP ACPI init
[   19.291433] pnp: PnP ACPI: found 3 devices
[   19.399494] clocksource: acpi_pm: mask: 0xffffff max_cycles: 0xffffff, max_idle_ns: 2085701024 ns
[   19.611285] NET: Registered protocol family 2
[   19.711787] TCP established hash table entries: 8192 (order: 4, 65536 bytes)
[   19.870191] TCP bind hash table entries: 8192 (order: 5, 131072 bytes)
[   20.030862] TCP: Hash tables configured (established 8192 bind 8192)
[   20.143143] UDP hash table entries: 512 (order: 2, 16384 bytes)
[   20.276853] UDP-Lite hash table entries: 512 (order: 2, 16384 bytes)
[   20.435542] NET: Registered protocol family 1
[   20.531351] pci 0000:00:00.0: Limiting direct PCI/PCI transfers
[   20.687265] pci 0000:00:01.0: Activating ISA DMA hang workarounds
[   20.802707] Unpacking initramfs...
[   21.075286] Freeing initrd memory: 15224K (ffff880036234000 - ffff880037112000)
[   21.251403] platform rtc_cmos: registered platform RTC device (no PNP device found)
[   21.295188] Scanning for low memory corruption every 60 seconds
[   21.334196] audit: initializing netlink subsys (disabled)
[   21.486168] audit: type=2000 audit(1502438136.017:1): initialized
[   21.702889] Initialise system trusted keyring
[   21.820377] HugeTLB registered 2 MB page size, pre-allocated 0 pages
[   22.101714] zbud: loaded
[   22.172082] VFS: Disk quotas dquot_6.6.0
[   22.249488] tsc: Refined TSC clocksource calibration: 2191.216 MHz
[   22.249491] clocksource: tsc: mask: 0xffffffffffffffff max_cycles: 0x1f95c8eec28, max_idle_ns: 440795269726 ns
[   22.585760] VFS: Dquot-cache hash table entries: 512 (order 0, 4096 bytes)
[   22.738019] squashfs: version 4.0 (2009/01/31) Phillip Lougher
[   22.885877] fuse init (API version 7.23)
[   22.970627] Key type big_key registered
[   23.062904] Allocating IMA MOK and blacklist keyrings.
[   23.183464] Key type asymmetric registered
[   23.271064] Asymmetric key parser 'x509' registered
[   23.379309] Block layer SCSI generic (bsg) driver version 0.4 loaded (major 249)
[   23.494334] io scheduler noop registered
[   23.522839] io scheduler deadline registered (default)
[   23.575632] io scheduler cfq registered
[   23.645955] pci_hotplug: PCI Hot Plug PCI Core version: 0.5
[   23.771301] pciehp: PCI Express Hot Plug Controller Driver version: 0.4
[   23.936662] ACPI: AC Adapter [AC] (on-line)
[   24.027835] input: Power Button as /devices/LNXSYSTM:00/LNXPWRBN:00/input/input0
[   24.202849] ACPI: Power Button [PWRF]
[   24.283708] input: Sleep Button as /devices/LNXSYSTM:00/LNXSLPBN:00/input/input1
[   24.441210] ACPI: Sleep Button [SLPF]
[   24.532674] GHES: HEST is not enabled!
[   24.533725] ACPI: Battery Slot [BAT0] (battery present)
[   24.717769] Serial: 8250/16550 driver, 32 ports, IRQ sharing enabled
[   24.926420] 00:02: ttyS0 at I/O 0x3f8 (irq = 4, base_baud = 115200) is a 16550A
[   25.212140] Linux agpgart interface v0.103
[   25.387175] loop: module loaded
[   25.481403] scsi host0: ata_piix
[   25.594041] scsi host1: ata_piix
[   25.690682] ata1: PATA max UDMA/33 cmd 0x1f0 ctl 0x3f6 bmdma 0xd000 irq 14
[   25.718827] ata2: PATA max UDMA/33 cmd 0x170 ctl 0x376 bmdma 0xd008 irq 15
[   25.773374] libphy: Fixed MDIO Bus: probed
[   25.870592] tun: Universal TUN/TAP device driver, 1.6
[   25.965041] tun: (C) 1999-2004 Max Krasnyansky <maxk@qualcomm.com>
[   26.190631] PPP generic driver version 2.4.2
[   26.317318] ehci_hcd: USB 2.0 'Enhanced' Host Controller (EHCI) Driver
[   26.521032] ehci-pci: EHCI PCI platform driver
[   26.662387] ehci-platform: EHCI generic platform driver
[   26.785300] ohci_hcd: USB 1.1 'Open' Host Controller (OHCI) Driver
[   26.836768] ohci-pci: OHCI PCI platform driver
[   26.859435] ohci-platform: OHCI generic platform driver
[   26.950891] uhci_hcd: USB Universal Host Controller Interface driver
[   27.142338] i8042: PNP: PS/2 Controller [PNP0303:PS2K,PNP0f03:PS2M] at 0x60,0x64 irq 1,12
[   27.411204] serio: i8042 KBD port at 0x60,0x64 irq 1
[   27.435898] serio: i8042 AUX port at 0x60,0x64 irq 12
[   27.472085] mousedev: PS/2 mouse device common for all mice
[   27.533393] input: AT Translated Set 2 keyboard as /devices/platform/i8042/serio0/input/input2
[   27.618909] rtc_cmos rtc_cmos: rtc core: registered rtc_cmos as rtc0
[   27.754744] rtc_cmos rtc_cmos: alarms up to one day, 114 bytes nvram
[   27.901771] i2c /dev entries driver
[   27.968581] device-mapper: uevent: version 1.0.3
[   28.036336] device-mapper: ioctl: 4.34.0-ioctl (2015-10-28) initialised: dm-devel@redhat.com
[   28.350859] ledtrig-cpu: registered to indicate activity on CPUs
[   28.565346] NET: Registered protocol family 10
[   28.654228] NET: Registered protocol family 17
[   28.822520] Key type dns_resolver registered
[   28.972715] microcode: CPU0 sig=0x40661, pf=0x40, revision=0x0
[   29.041779] microcode: CPU1 sig=0x40661, pf=0x40, revision=0x0
[   29.071100] microcode: Microcode Update Driver: v2.01 <tigran@aivazian.fsnet.co.uk>, Peter Oruba
[   29.282731] registered taskstats version 1
[   29.438092] Loading compiled-in X.509 certificates
[   29.604324] Loaded X.509 cert 'Build time autogenerated kernel key: 0777615d5208f86b8b4bd2fb3aecc97a191f2831'
[   29.999771] zswap: loaded using pool lzo/zbud
[   30.137697] Key type trusted registered
[   30.162723] Key type encrypted registered
[   30.190894] AppArmor: AppArmor sha1 policy hashing enabled
[   30.366352] ima: No TPM chip found, activating TPM-bypass!
[   30.509503] evm: HMAC attrs: 0x1
[   30.601899]   Magic number: 13:469:925
[   30.740869] rtc_cmos rtc_cmos: setting system clock to 2017-08-11 07:55:59 UTC (1502438159)
[   31.030529] BIOS EDD facility v0.16 2004-Jun-25, 0 devices found
[   31.190044] EDD information not available.
[   31.253608] Freeing unused kernel memory: 1488K (ffffffff81f45000 - ffffffff820b9000)
[   31.321207] Write protecting the kernel read-only data: 14336k
[   31.513438] Freeing unused kernel memory: 1752K (ffff88000184a000 - ffff880001a00000)
[   31.723973] Freeing unused kernel memory: 112K (ffff880001de4000 - ffff880001e00000)
Loading, please wait...
[   31.978108] random: systemd-udevd: uninitialized urandom read (16 bytes read, 4 bits of entropy available)
starting version[   31.978648] random: udevadm: uninitialized urandom read (16 bytes read, 4 bits of entropy available)
 229
[   31.978678] random: udevadm: uninitialized urandom read (16 bytes read, 4 bits of entropy available)
[   31.978780] random: udevadm: uninitialized urandom read (16 bytes read, 4 bits of entropy available)
[   31.978814] random: udevadm: uninitialized urandom read (16 bytes read, 4 bits of entropy available)
[   31.978847] random: udevadm: uninitialized urandom read (16 bytes read, 4 bits of entropy available)
[   31.978880] random: udevadm: uninitialized urandom read (16 bytes read, 4 bits of entropy available)
[   31.978921] random: udevadm: uninitialized urandom read (16 bytes read, 4 bits of entropy available)
[   31.978952] random: udevadm: uninitialized urandom read (16 bytes read, 4 bits of entropy available)
[   31.978984] random: udevadm: uninitialized urandom read (16 bytes read, 4 bits of entropy available)
[   34.412214] e1000: Intel(R) PRO/1000 Network Driver - version 7.3.21-k8-NAPI
[   34.569550] e1000: Copyright (c) 1999-2006 Intel Corporation.
[   34.597405] Fusion MPT base driver 3.04.20
[   34.613580] Copyright (c) 1999-2008 LSI Corporation
[   34.651389] AVX version of gcm_enc/dec engaged.
[   34.725963] AES CTR mode by8 optimization enabled
[   34.895937] input: ImExPS/2 Generic Explorer Mouse as /devices/platform/i8042/serio1/input/input4
[   35.171079] Fusion MPT SPI Host driver 3.04.20
[   35.212992] e1000 0000:00:03.0 eth0: (PCI:33MHz:32-bit) 02:c0:e2:3c:71:11
[   35.212996] e1000 0000:00:03.0 eth0: Intel(R) PRO/1000 Network Connection
[   35.564024] mptbase: ioc0: Initiating bringup
[   35.564094] e1000 0000:00:03.0 enp0s3: renamed from eth0
[   35.761909] ioc0: LSI53C1030 A0: Capabilities={Initiator}
[   36.062048] scsi host2: ioc0: LSI53C1030 A0, FwRev=00000000h, Ports=1, MaxQ=256, IRQ=20
[   36.380227] scsi 2:0:0:0: Direct-Access     VBOX     HARDDISK         1.0  PQ: 0 ANSI: 5
[   36.593385] scsi target2:0:0: Beginning Domain Validation
[   36.786030] scsi target2:0:0: Domain Validation skipping write tests
[   36.834811] scsi target2:0:0: Ending Domain Validation
[   36.867991] scsi target2:0:0: asynchronous
[   36.983561] scsi 2:0:1:0: Direct-Access     VBOX     HARDDISK         1.0  PQ: 0 ANSI: 5
[   37.285766] scsi target2:0:1: Beginning Domain Validation
[   37.442541] scsi target2:0:1: Domain Validation skipping write tests
[   37.603075] scsi target2:0:1: Ending Domain Validation
[   37.803602] scsi target2:0:1: asynchronous
[   37.887471] sd 2:0:0:0: Attached scsi generic sg0 type 0
[   37.887567] sd 2:0:0:0: [sda] 20971520 512-byte logical blocks: (10.7 GB/10.0 GiB)
[   37.887832] sd 2:0:0:0: [sda] Write Protect is off
[   37.887980] sd 2:0:0:0: [sda] Incomplete mode parameter data
[   37.887981] sd 2:0:0:0: [sda] Assuming drive cache: write through
[   37.915733]  sda: sda1
[   37.916837] sd 2:0:0:0: [sda] Attached SCSI disk
[   38.429168] floppy0: no floppy controllers found
[   38.429209] work still pending
[   38.736407] sd 2:0:1:0: [sdb] 20480 512-byte logical blocks: (10.5 MB/10.0 MiB)
[   38.866290] sd 2:0:1:0: Attached scsi generic sg1 type 0
[   38.966571] sd 2:0:1:0: [sdb] Write Protect is off
[   39.022569] sd 2:0:1:0: [sdb] Incomplete mode parameter data
[   39.140218] sd 2:0:1:0: [sdb] Assuming drive cache: write through
[   39.288911] sd 2:0:1:0: [sdb] Attached SCSI disk
Begin: Loading e[   40.682839] md: linear personality registered for level -1
ssential drivers[   40.810014] md: multipath personality registered for level -4
 ... [   40.951956] md: raid0 personality registered for level 0
[   41.052638] md: raid1 personality registered for level 1
[   41.233286] raid6: sse2x1   gen()  9400 MB/s
[   41.321159] raid6: sse2x1   xor()  6862 MB/s
[   41.529504] raid6: sse2x2   gen() 12746 MB/s
[   41.685196] raid6: sse2x2   xor()  8357 MB/s
[   41.885123] raid6: sse2x4   gen() 14460 MB/s
[   42.085559] raid6: sse2x4   xor() 10145 MB/s
[   42.194401] raid6: using algorithm sse2x4 gen() 14460 MB/s
[   42.346940] raid6: .... xor() 10145 MB/s, rmw enabled
[   42.392577] raid6: using ssse3x2 recovery algorithm
[   42.450426] xor: automatically using best checksumming function:
[   42.597166]    avx       : 22463.000 MB/sec
[   42.647338] async_tx: api initialized (async)
[   42.670364] md: raid6 personality registered for level 6
[   42.704443] md: raid5 personality registered for level 5
[   42.756419] md: raid4 personality registered for level 4
[   42.803312] md: raid10 personality registered for level 10
done.
Begin: Running /scripts/init-premount ... done[   42.890902] Btrfs loaded
.
Begin: Mounting root file system ... Begin: Running /scripts/local-top ... done.
Begin: Running /scripts/loc[   42.971766] EXT4-fs (sda1): mounted filesystem with ordered data mode. Opts: (null)
al-premount ... Scanning for Btrfs filesystems
done.
Warning: fsck not present, so skipping root file system
done.
Begin: Running /scripts/local-bottom ... done.
Begin: Running /scripts/init-bottom ... done.
[   43.200388] systemd[1]: systemd 229 running in system mode. (+PAM +AUDIT +SELINUX +IMA +APPARMOR +SMACK +SYSVINIT +UTMP +LIBCRYPTSETUP +GCRYPT +GNUTLS +ACL +XZ -LZ4 +SECCOMP +BLKID +ELFUTILS +KMOD -IDN)
[   43.502781] systemd[1]: Detected virtualization oracle.
[   43.540412] systemd[1]: Detected architecture x86-64.

Welcome to [1mUbuntu 16.04.3 LTS[0m!

[   43.671304] systemd[1]: Set hostname to <ubuntu-xenial>.
[   43.881125] systemd[1]: Listening on Syslog Socket.
[[0;32m  OK  [0m] Listening on Syslog Socket.
[   44.025710] systemd[1]: Set up automount Arbitrary Executable File Formats File System Automount Point.
[[0;32m  OK  [0m] Set up automount Arbitrary Executab...ats File System Automount Point.
[   44.297788] systemd[1]: Listening on Journal Socket.
[[0;32m  OK  [0m] Listening on Journal Socket.
[   44.442992] systemd[1]: Listening on Journal Audit Socket.
[[0;32m  OK  [0m] Listening on Journal Audit Socket.
[   44.609765] systemd[1]: Created slice User and Session Slice.
[[0;32m  OK  [0m] Created slice User and Session Slice.
[   44.773553] systemd[1]: Listening on udev Kernel Socket.
[[0;32m  OK  [0m] Listening on udev Kernel Socket.
[   44.868166] systemd[1]: Reached target Encrypted Volumes.
[[0;32m  OK  [0m] Reached target Encrypted Volumes.
[   44.870800] systemd[1]: Listening on Journal Socket (/dev/log).
[[0;32m  OK  [0m] Listening on Journal Socket (/dev/log).
[   44.968404] systemd[1]: Reached target Swap.
[[0;32m  OK  [0m] Reached target Swap.
[   44.970582] systemd[1]: Listening on /dev/initctl Compatibility Named Pipe.
[[0;32m  OK  [0m] Listening on /dev/initctl Compatibility Named Pipe.
[   45.098541] systemd[1]: Started Trigger resolvconf update for networkd DNS.
[[0;32m  OK  [0m] Started Trigger resolvconf update for networkd DNS.
[   45.325849] systemd[1]: Listening on LVM2 metadata daemon socket.
[[0;32m  OK  [0m] Listening on LVM2 metadata daemon socket.
[   45.525693] systemd[1]: Listening on Device-mapper event daemon FIFOs.
[[0;32m  OK  [0m] Listening on Device-mapper event daemon FIFOs.
[   45.701818] systemd[1]: Created slice System Slice.
[[0;32m  OK  [0m] Created slice System Slice.
[   45.861504] systemd[1]: Mounting Huge Pages File System...
         Mounting Huge Pages File System...
[   45.987873] systemd[1]: Starting Set console keymap...
         Starting Set console keymap...
[   46.098021] systemd[1]: Starting Monitoring of LVM2 mirrors, snapshots etc. using dmeventd or progress polling...
         Starting Monitoring of LVM2 mirrors... dmeventd or progress polling...
[   46.325341] systemd[1]: Starting Remount Root and Kernel File Systems...
[   46.457901] random: nonblocking pool is initialized
[   46.460165] EXT4-fs (sda1): re-mounted. Opts: (null)
         Starting Remount Root and Kernel File Systems...
[   46.785421] systemd[1]: Starting Journal Service...
         Starting Journal Service...
[   46.833752] systemd[1]: Created slice system-serial\x2dgetty.slice.
[[0;32m  OK  [0m] Created slice system-serial\x2dgetty.slice.
[   47.081833] systemd[1]: Starting Load Kernel Modules...
[   47.156617] Loading iSCSI transport class v2.0-870.
         Startin[   47.241809] iscsi: registered transport (tcp)
g Load Kernel Modules...
[   47.352281] iscsi: registered transport (iser)
[   47.454436] systemd[1]: Reached target Slices.
[[0;32m  OK  [0m] Reached target Slices.
[   47.565821] systemd[1]: Listening on LVM2 poll daemon socket.
[[0;32m  OK  [0m] Listening on LVM2 poll daemon socket.
[   47.809528] systemd[1]: Mounting POSIX Message Queue File System...
         Mounting POSIX Message Queue File System...
[   47.933692] systemd[1]: Reached target User and Group Name Lookups.
[[0;32m  OK  [0m] Reached target User and Group Name Lookups.
[   48.061490] systemd[1]: Starting Create list of required static device nodes for the current kernel...
         Starting Create list of required st... nodes for the current kernel...
[   48.473615] systemd[1]: Starting Nameserver information manager...
         Starting Nameserver information manager...
[   48.697461] systemd[1]: Started Forward Password Requests to aall Directory Watch.
[[0;32m  OK  [0m] Started Forward Password Requests to Wall Directory Watch.
[   48.969625] systemd[1]: Mounting Debug File System...
         Mounting Debug File System...
[   49.033513] systemd[1]: Starting Uncomplicated firewall...
         Starting Uncomplicated firewall...
[   49.125616] systemd[1]: Listening on udev Control Socket.
[[0;32m  OK  [0m] Listening on udev Control Socket.
[   49.366553] systemd[1]: Mounted POSIX Message Queue File System.
[[0;32m  OK  [0m] Mounted POSIX Message Queue File System.
[   49.717771] systemd[1]: Mounted Huge Pages File System.
[[0;32m  OK  [0m] Mounted Huge Pages File System.
[   49.881612] systemd[1]: Mounted Debug File System.
[[0;32m  OK  [0m] Mounted Debug File System.
[   50.053750] systemd[1]: Started Journal Service.
[[0;32m  OK  [0m] Started Journal Service.
[[0;32m  OK  [0m] Started Set console keymap.
[[0;32m  OK  [0m] Started Remount Root and Kernel File Systems.
[[0;32m  OK  [0m] Started Load Kernel Modules.
[[0;32m  OK  [0m] Started Create list of required sta...ce nodes for the current kernel.
[[0;32m  OK  [0m] Started Uncomplicated firewall.
[[0;32m  OK  [0m] Started Nameserver information manager.
[[0;32m  OK  [0m] Started LVM2 metadata daemon.
         Starting Create Static Device Nodes in /dev...
         Mounting FUSE Control File System...
         Starting Apply Kernel Variables...
         Starting Initial cloud-init job (pre-networking)...
         Starting udev Coldplug all Devices...
         Starting Load/Save Random Seed...
         Starting Flush Journal to Persistent Storage...
[[0;32m  OK  [0m] Mounted FUSE Control File System.
[[0;32m  OK  [0m] Started Monitoring of LVM2 mirrors,...ng dmeventd or progress polling.
[[0;32m  OK  [0m] Started Create Static Device Nodes in /dev.
[[0;32m  OK  [0m] Started Apply Kernel Variables.
[[0;32m  OK  [0m] Started Load/Save Random Seed.
[[0;32m  OK  [0m] Started udev Coldplug all Devices.
[[0;32m  OK  [0m] Started Flush Journal to Persistent Storage.
         Starting udev Kernel Device Manager...
[[0;32m  OK  [0m] Started udev Kernel Device Manager.
[[0;32m  OK  [0m] Reached target Local File Systems (Pre).
[[0;32m  OK  [0m] Reached target Local File Systems.
         Starting Create Volatile Files and Directories...
         Starting Set console font and keymap...
         Starting LSB: AppArmor initialization...
[   33.023628] cloud-init[455]: Cloud-init v. 0.7.9 running 'init-local' at Fri, 11 Aug 2017 07:56:19 +0000. Up 32.68 seconds.
         Starting Tell Plymouth To Write Out Runtime Data...
[[0;32m  OK  [0m] Started Dispatch Password Requests to Console Directory Watch.
[[0;32m  OK  [0m] Started Create Volatile Files and Directories.
[[0;32m  OK  [0m] Started Set console font and keymap.
[[0;32m  OK  [0m] Started Tell Plymouth To Write Out Runtime Data.
[[0;32m  OK  [0m] Started Initial cloud-init job (pre-networking).
[[0;32m  OK  [0m] Found device /dev/ttyS0.
[[0;32m  OK  [0m] Listening on Load/Save RF Kill Switch Status /dev/rfkill Watch.
[[0;32m  OK  [0m] Reached target Network (Pre).
[[0;32m  OK  [0m] Created slice system-getty.slice.
         Starting Update UTMP about System Boot/Shutdown...
[[0;32m  OK  [0m] Reached target System Time Synchronized.
[[0;32m  OK  [0m] Started LSB: AppArmor initialization.
         Starting Raise network interfaces...
[[0;32m  OK  [0m] Started ifup for enp0s3.
[[0;32m  OK  [0m] Started Update UTMP about System Boot/Shutdown.
[[0;1;31mFAILED[0m] Failed to start Raise network interfaces.
See 'systemctl status networking.service' for details.
         Starting Initial cloud-init job (metadata service crawler)...
[[0;32m  OK  [0m] Reached target Network.
[   36.478986] cloud-init[989]: Cloud-init v. 0.7.9 running 'init' at Fri, 11 Aug 2017 07:56:23 +0000. Up 36.27 seconds.
[   36.548482] cloud-init[989]: ci-info: +++++++++++++++++++++++++++++++++++++Net device info++++++++++++++++++++++++++++++++++++++
[   36.548710] cloud-init[989]: ci-info: +--------+------+----------------------------+---------------+-------+-------------------+
[[0;32m  OK  [0m] Started Initial cloud-init job (metadata service crawler).
[   36.548828] cloud-init[989]: ci-info: | Device |  Up  |          Address           |      Mask     | Scope |     Hw-Address    |
[   36.848644] cloud-init[989]: ci-info: +--------+------+----------------------------+---------------+-------+-------------------+
[   36.848906] cloud-init[989]: ci-info: | enp0s3 | True |         10.0.2.15          | 255.255.255.0 |   .   | 02:c0:e2:3c:71:11 |
[[0;32m  OK  [0m] Reached target System Initialization.
[[   36.849020] cloud-init[989]: ci-info: | enp0s3 | True | fe80::c0:e2ff:fe3c:7111/64 |       .       |  link | 02:c0:e2:3c:71:11 |
[   37.056927] cloud-init[989]: ci-info: |   lo   | True |         127.0.0.1          |   255.0.0.0   |   .   |         .         |
[0;32m  OK  [0m] Listening on UUID daemon activation socket.
[[   37.056987] cloud-init[989]: ci-info: |   lo   | True |          ::1/128           |       .       |  host |         .         |
[   37.216855] cloud-init[989]: ci-info: +--------+------+----------------------------+---------------+-------+-------------------+
[0;32m  OK  [0m] Listening on ACPID Listen Socket.
         Starting Docker Socket for the API.
[   37.216953] cloud-init[989]: ci-info: +++++++++++++++++++++++++++Route IPv4 info++++++++++++++++++++++++++++
[   37.484733] cloud-init[989]: ci-info: +-------+-------------+----------+---------------+-----------+-------+
[   37.485002] cloud-init[989]: ci-info: | Route | Destination | Gateway  |    Genmask    | Interface | Flags |
[[0;32m  OK  [0m] Started Timer to automatically refresh installed snaps.
[   37.485111] cloud-init[989]: ci-info: +-------+-------------+----------+---------------+-----------+-------+
[[   37.731856] cloud-init[989]: ci-info: |   0   |   0.0.0.0   | 10.0.2.2 |    0.0.0.0    |   enp0s3  |   UG  |
[   37.732439] cloud-init[989]: ci-info: |   1   |   10.0.2.0  | 0.0.0.0  | 255.255.255.0 |   enp0s3  |   U   |
[0;32m  OK  [0m] Started ACPI Events Check.
[[   37.732595] cloud-init[989]: ci-info: +-------+-------------+----------+---------------+-----------+-------+
[0;32m  OK  [0m] Reached target Paths.
         Starting Socket activation for snappy daemon.
[[0;32m  OK  [0m] Started Daily Cleanup of Temporary Directories.
[[0;32m  OK  [0m] Listening on RPCbind Server Activation Socket.
         Starting LXD - unix socket.
[[0;32m  OK  [0m] Listening on D-Bus System Message Bus Socket.
[[0;32m  OK  [0m] Reached target Cloud-config availability.
[[0;32m  OK  [0m] Reached target Network is Online.
[[0;32m  OK  [0m] Started Daily apt download activities.
[[0;32m  OK  [0m] Started Daily apt upgrade and clean activities.
[[0;32m  OK  [0m] Reached target Timers.
         Starting iSCSI initiator daemon (iscsid)...
[[0;32m  OK  [0m] Listening on Docker Socket for the API.
[[0;32m  OK  [0m] Listening on Socket activation for snappy daemon.
[[0;32m  OK  [0m] Listening on LXD - unix socket.
[[0;32m  OK  [0m] Started iSCSI initiator daemon (iscsid).
         Starting Login to default iSCSI targets...
[[0;32m  OK  [0m] Reached target Sockets.
[[0;32m  OK  [0m] Reached target Basic System.
         Starting System Logging Service...
         Starting Login Service...
[[0;32m  OK  [0m] Started Snappy daemon.
         Starting Apply the settings specified in cloud-config...
         Starting Accounts Service...
[[0;32m  OK  [0m] Started ACPI event daemon.
         Starting LSB: Record successful boot for GRUB...
[[0;32m  OK  [0m] Started Deferred execution scheduler.
[[0;32m  OK  [0m] Started Regular background program processing daemon.
[   39.227456] cloud-init[1057]: Cloud-init v. 0.7.9 running 'modules:config' at Fri, 11 Aug 2017 07:56:26 +0000. Up 39.16 seconds.
[[0;32m  OK  [0m] Started FUSE filesystem for LXC.
[[0;32m  OK  [0m] Started Unattended Upgrades Shutdown.
         Starting LXD - container startup/shutdown...
         Starting LSB: MD monitoring daemon...
         Starting OpenBSD Secure Shell server...
         Starting /etc/rc.local Compatibility...
[[0;32m  OK  [0m] Started D-Bus System Message Bus.
         Starting Auto import assertions from block devices...
         Starting Docker Application Container Engine...
[[0;32m  OK  [0m] Started System Logging Service.
[[0;32m  OK  [0m] Started OpenBSD Secure Shell server.
[[0;32m  OK  [0m] Started Apply the settings specified in cloud-config.
[[0;32m  OK  [0m] Started LXD - container startup/shutdown.
[[0;32m  OK  [0m] Started /etc/rc.local Compatibility.
[[0;32m  OK  [0m] Started Auto import assertions from block devices.
[[0;32m  OK  [0m] Started Login to default iSCSI targets.
[[0;32m  OK  [0m] Started LSB: Record successful boot for GRUB.
[[0;32m  OK  [0m] Started LSB: MD monitoring daemon.
[[0;32m  OK  [0m] Started Login Service.
         Starting Authenticate and Authorize Users to Run Privileged Tasks...
[[0;32m  OK  [0m] Reached target Remote File Systems (Pre).
[[0;32m  OK  [0m] Reached target Remote File Systems.
         Starting LSB: automatic crash report generation...
         Starting LSB: Set up cgroupfs mounts....
         Starting LSB: VirtualBox Linux Additions...
         Starting LSB: Set the CPU Frequency Scaling governor to "ondemand"...
         Starting Permit User Sessions...
         Starting LSB: daemon to balance interrupts for SMP systems...
[[0;32m  OK  [0m] Started LSB: Set up cgroupfs mounts..
[[0;32m  OK  [0m] Started Permit User Sessions.
[[0;32m  OK  [0m] Started Authenticate and Authorize Users to Run Privileged Tasks.
[[0;32m  OK  [0m] Started Accounts Service.
[[0;32m  OK  [0m] Started LSB: automatic crash report generation.
[[0;32m  OK  [0m] Started LSB: VirtualBox Linux Additions.
[[0;32m  OK  [0m] Created slice User Slice of ubuntu.
[[0;32m  OK  [0m] Started Session 1 of user ubuntu.
         Starting User Manager for UID 1000...
         Starting Terminate Plymouth Boot Screen...
         Starting Hold until boot process finishes up...
[[0;32m  OK  [0m] Started User Manager for UID 1000.
[[0;32m  OK  [0m] Started LSB: Set the CPU Frequency Scaling governor to "ondemand".
[[0;32m  OK  [0m] Started LSB: daemon to balance interrupts for SMP systems.
[[0;32m  OK  [0m] Started Terminate Plymouth Boot Screen.
[[0;32m  OK  [0m] Started Hold until boot process finishes up.
[[0;32m  OK  [0m] Started Serial Getty on ttyS0.
[[0;32m  OK  [0m] Started Getty on tty1.
[[0;32m  OK  [0m] Reached target Login Prompts.
         Starting Set console scheme...
[[0;32m  OK  [0m] Started Docker Application Container Engine.
[[0;32m  OK  [0m] Started Set console scheme.
[[0;32m  OK  [0m] Reached target Multi-User System.
         Starting Execute cloud user/final scripts...
[[0;32m  OK  [0m] Reached target Graphical Interface.
         Starting Update UTMP about System Runlevel Changes...
[[0;32m  OK  [0m] Started Update UTMP about System Runlevel Changes.
[   41.956736] cloud-init[1466]: Cloud-init v. 0.7.9 running 'modules:final' at Fri, 11 Aug 2017 07:56:29 +0000. Up 41.87 seconds.
[   42.044557] cloud-init[1466]: Cloud-init v. 0.7.9 finished at Fri, 11 Aug 2017 07:56:29 +0000. Datasource DataSourceNoCloud [seed=/dev/sdb][dsmode=net].  Up 41.95 seconds
[[0;32m  OK  [0m] Started Execute cloud user/final scripts.
[[0;32m  OK  [0m] Reached target Cloud-init target.

Ubuntu 16.04.3 LTS ubuntu-xenial ttyS0

ubuntu-xenial login: 